// Jest Snapshot v1, https://goo.gl/fbAQLP

exports[`renders 1`] = `
<DocumentFragment>
  <div
    class="App"
  >
    <section
      class="board"
    >
      <div>
        <span />
        <span />
        <span />
      </div>
      <div>
        <span />
        <span />
        <span />
      </div>
      <div>
        <span />
        <span />
        <span />
      </div>
      <div>
        <button>
          Undo
        </button>
        <button>
          Redo
        </button>
      </div>
    </section>
  </div>
</DocumentFragment>
`;
